// Jest Snapshot v1, https://goo.gl/fbAQLP

exports[`Pruebas en el entry component Debe de hacer match con el snapshot 1`] = `
<div class="entry-container mb-3 pointer p-2">
  <!-- title -->
  <div class="entry-title d-flex"><span class="text-success fs-5 fw-bold">NaN</span><span class="mx-1 fs-5"></span><span class="mx-2 fw-light">NaN, undefined</span></div>
  <div class="entry-description">ciber 1</div>
</div>
`;
